>ff2264ebd993e87e2c2eb8d82b4d619fMTSSPTVN|P54821|37_HLLDLEEA_positive|71_SGSDTPQQ_negative|43_EAGDMVAA_negative|76_PQQDNDQL_positive|78_QDNDQLNS_negative|16_GRLDSPGN_negative|50_AQADENVG_positive|116_HYPDAFVR_negative|22_GNLDTLQA_negative|185_RPTDYLSW_positive|122_VREDLARR_negative|167_YSGDVTAV_negative
MTSSYGHVLERQPALGGRLDSPGNLDTLQAKKNFSVSHLLDLEEAGDMVAAQADENVGEAGRSLLESPGLTSGSDTPQQDNDQLNSEEKKKRKQRRNRTTFNSSQLQALERVFERTHYPDAFVREDLARRVNLTEARVQVWFQNRRAKFRRNERAMLANKNASLLKSYSGDVTAVEQPIVPRPAPRPTDYLSWGTASPYSAMATYSATCANNSPAQGINMANSIANLRLKAKEYSLQRNQVPTVN
>ff77d61ca6a829d16ee532fd3e918726MSILFRPD|Q5VXU3|38_SGPDDDEE_negative|39_GPDDDEED_negative|8_AEFDTISE_positive|43_DEEDEEEE_negative|40_PDDDEEDE_negative|83_YAPDPVLV_positive|103_NKFDTEFP_negative
MSILLPNMAEFDTISELEEEEEEEAATSSSSPSSSSSVSGPDDDEEDEEEEEEEEEEEEEEEEEEEEEAPPPPRVVSEEHLRRYAPDPVLVRGAGHITVFGLSNKFDTEFPSVLTGKVAPEEFKTSIGRVNACLKKALPVNVKWLLCGCLCCCCTLGCSLWPVICLNKRTRRSIQKLIEWENNRLYHKLALHWKLTKRKCETSNMMEYVILIEFLPKYPIFRPD
>ff7e67fe6d94bd3a9906e33a43894ab5MWTVYYVH|P18505|385_SVSDPKAT_negative|266_INYDASAA_positive|142_LHPDGTVL_negative|415_RALDRHGV_negative|160_CMMDLRRY_positive|38_ETVDRLLK_negative|167_YPLDEQNC_negative|45_KGYDIRLR_positive|303_KAIDIYLM_negative|51_LRPDFGGP_negative|438_KIPDLTDV_positive|183_YTTDDIEF_negative|184_TTDDIEFY_negative|441_DLTDVNSI_positive|58_PPVDVGMR_negative|394_YSYDSASI_negative|446_NSIDKWSR_positive|64_MRIDVASI_negative|69_ASIDMVSE_negative|77_VNMDYTLT_positive|211_SIVDYKMV_negative|341_SKQDQSAN_negative|90_SWKDKRLS_positive|358_VQVDAHGN_negative|105_LTLDNRVA_negative|110_RVADQLWV_positive|116_WVPDTYFL_negative|122_FLNDKKSF_negative
MWTVQNRESLGLLSFPVMITMVCCAHSTNEPSNMSYVKETVDRLLKGYDIRLRPDFGGPPVDVGMRIDVASIDMVSEVNMDYTLTMYFQQSWKDKRLSYSGIPLNLTLDNRVADQLWVPDTYFLNDKKSFVHGVTVKNRMIRLHPDGTVLYGLRITTTAACMMDLRRYPLDEQNCTLEIESYGYTTDDIEFYWNGGEGAVTGVNKIELPQFSIVDYKMVSKKVEFTTGAYPRLSLSFRLKRNIGYFILQTYMPSTLITILSWVSFWINYDASAARVALGITTVLTMTTISTHLRETLPKIPYVKAIDIYLMGCFVFVFLALLEYAFVNYIFFGKGPQKKGASKQDQSANEKNKLEMNKVQVDAHGNILLSTLEIRNETSGSEVLTSVSDPKATMYSYDSASIQYRKPLSSREAYGRALDRHGVPSKGRIRRRASQLKVKIPDLTDVNSIDKWSRMFFPITFSLFNVVYWLYYVH
>ff979336cee28cd90ab6bf1b580e1160MEPSEFWS|P80192|640_SLVDGYKQ_negative|385_WNPDPHSR_negative|1029_SNLDSCFA_positive|519_LPSDFQHK_negative|136_LEIDFAEL_negative|397_NILDQLTT_positive|914_TPSDGALK_negative|19_PGEDGAGA_negative|533_PTMDKRKS_positive|280_ENGDLSNK_negative|380_LMEDCWNP_negative|431_EMFDQLRA_positive|413_MPKDSFHC_negative|673_EMEDEDSE_negative|162_WIGDEVAV_positive|675_EDEDSEGP_negative|420_CLQDNWKH_negative|1065_TLLDLDAE_positive|1067_LDLDAEGQ_negative|172_ARHDPDED_negative|174_HDPDEDIS_positive|47_LGCDAPLP_negative|176_PDEDISQT_negative|264_IHRDLKSS_positive|1074_QSQDSTVP_negative|950_PSRDPGEF_negative|823_LLGDPSAS_positive|959_RLPDPNVV_negative|704_RGEDGDGP_negative|65_AGEDELTL_positive|706_EDGDGPSS_negative|711_PSSDGIHE_negative|73_RLGDVVEV_positive|290_KITDFGLA_negative|976_TQQDSTLE_negative|81_LSKDSQVS_positive|851_SDSDEIVV_negative|87_VSGDEGWW_negative|474_REIDILER_positive|349_RGIDGLAV_negative|609_ASGDEGSP_negative|327_KGSDVWSY_positive|849_LRSDSDEI_negative|1001_QRLDPWWF_negative|236_IPPDILVN_positive|254_YLHDEAIV_negative|887_FKRDPNQS_negative|123_GGEDPSCY_positive|764_LGFDLLEA_negative|510_KLKDGNRI_negative
MEPSRALLGCLASAAAAAPPGEDGAGAGAEEEEEEEEEAAAAVGPGELGCDAPLPYWTAVFEYEAAGEDELTLRLGDVVEVLSKDSQVSGDEGWWTGQLNQRVGIFPSNYVTPRSAFSSRCQPGGEDPSCYPPIQLLEIDFAELTLEEIIGIGGFGKVYRAFWIGDEVAVKAARHDPDEDISQTIENVRQEAKLFAMLKHPNIIALRGVCLKEPNLCLVMEFARGGPLNRVLSGKRIPPDILVNWAVQIARGMNYLHDEAIVPIIHRDLKSSNILILQKVENGDLSNKILKITDFGLAREWHRTTKMSAAGTYAWMAPEVIRASMFSKGSDVWSYGVLLWELLTGEVPFRGIDGLAVAYGVAMNKLALPIPSTCPEPFAKLMEDCWNPDPHSRPSFTNILDQLTTIEESGFFEMPKDSFHCLQDNWKHEIQEMFDQLRAKEKELRTWEEELTRAALQQKNQEELLRRREQELAEREIDILERELNIIIHQLCQEKPRVKKRKGKFRKSRLKLKDGNRISLPSDFQHKFTVQASPTMDKRKSLINSRSSPPASPTIIPRLRAIQLTPGESSKTWGRSSVVPKEEGEEEEKRAPKKKGRTWGPGTLGQKELASGDEGSPQRREKANGLSTPSESPHFHLGLKSLVDGYKQWSSSAPNLVKGPRSSPALPGFTSLMEMEDEDSEGPGSGESRLQHSPSQSYLCIPFPRGEDGDGPSSDGIHEEPTPVNSATSTPQLTPTNSLKRGGAHHRRCEVALLGCGAVLAATGLGFDLLEAGKCQLLPLEEPEPPAREEKKRREGLFQRSSRPRRSTSPPSRKLFKKEEPMLLLGDPSASLTLLSLSSISECNSTRSLLRSDSDEIVVYEMPVSPVEAPPLSPCTHNPLVNVRVERFKRDPNQSLTPTHVTLTTPSQPSSHRRTPSDGALKPETLLASRSPSSNGLSPSPGAGMLKTPSPSRDPGEFPRLPDPNVVFPPTPRRWNTQQDSTLERPKTLEFLPRPRPSANRQRLDPWWFVSPSHARSTSPANSSSTETPSNLDSCFASSSSTVEERPGLPALLPFQAGPLPPTERTLLDLDAEGQSQDSTVPLCRAELNTHRPAPYEIQQEFWS
>ff97b8caced957d75656e9bc79267096MGFQDLQA|P06881|41_LSEDEARL_positive|34_SPADPATL_negative|53_LVQDYVQM_negative|81_RACDTATC_positive
MGFQKFSPFLALSILVLLQAGSLHAAPFRSALESSPADPATLSEDEARLLLAALVQDYVQMKASELEQEQEREGSRIIAQKRACDTATCVTHRLAGLLSRSGGVVKNNFVPTNVGSKAFGRRRRDLQA
