pcssError
Protein 76c3a409540532138c6b44bde9e4d248MDDRDENQ subsequence REDLVYQA doesn't match peptide sequence DREDLVYQ starting at position 3
