0.0714285714286	0.0	-1.3704759	negative	1	0
0.142857142857	0.0	-1.0503049	negative	2	0
0.142857142857	0.166666666667	-0.90741343	positive	2	1
0.214285714286	0.166666666667	-0.81420033	negative	3	1
0.214285714286	0.333333333333	-0.79377168	positive	3	2
0.285714285714	0.333333333333	-0.57660359	negative	4	2
0.357142857143	0.333333333333	-0.5665317	negative	5	2
0.428571428571	0.333333333333	-0.47530819	negative	6	2
0.428571428571	0.5	-0.39373182	positive	6	3
0.5	0.5	-0.34181471	negative	7	3
0.571428571429	0.5	-0.33662187	negative	8	3
0.642857142857	0.5	-0.32188642	negative	9	3
0.642857142857	0.666666666667	-0.31889161	positive	9	4
0.714285714286	0.666666666667	-0.17457507	negative	10	4
0.714285714286	0.833333333333	-0.14296223	positive	10	5
0.714285714286	1.0	-0.13695198	positive	10	6
0.785714285714	1.0	-0.020925455	negative	11	6
0.857142857143	1.0	-0.011028565	negative	12	6
0.928571428571	1.0	0.20507748	negative	13	6
1.0	1.0	0.45324638	negative	14	6
Critical True Positive Rate: 0.5
Critical False Positive Rate: 0.571
Score at critical point: -0.337
