0	0	N/A	N/A
0.11	0.167	-2.198	0.014
0.158	0.333	-1.677	0.048
0.212	0.5	-1.292	0.021
0.267	0.667	-1.064	0.034
0.541	0.833	0.125	0.062
0.877	1.0	2.096	0.041
1	1	N/A	N/A
Critical True Positive Rate: 0.833
Critical False Positive Rate: 0.541
Score at critical point: 0.125
